// Jest Snapshot v1, https://goo.gl/fbAQLP

exports[`<Button /> renders correctly 1`] = `
<View
  style={
    Object {
      "alignItems": "flex-start",
      "flex": 1,
    }
  }
>
  <View
    accessibilityLabel="Register"
    accessible={true}
    collapsable={false}
    focusable={true}
    onClick={[Function]}
    onResponderGrant={[Function]}
    onResponderMove={[Function]}
    onResponderRelease={[Function]}
    onResponderTerminate={[Function]}
    onResponderTerminationRequest={[Function]}
    onStartShouldSetResponder={[Function]}
    style={
      Object {
        "alignSelf": "flex-start",
        "backgroundColor": "purple",
        "borderRadius": 4,
        "flexGrow": 0,
        "opacity": 1,
        "paddingHorizontal": 16,
        "paddingVertical": 8,
      }
    }
  >
    <Text
      style={
        Array [
          Object {
            "color": "white",
            "fontSize": 16,
            "fontWeight": "bold",
          },
          false,
        ]
      }
    >
      Register
    </Text>
  </View>
</View>
`;
